// Jest Snapshot v1, https://goo.gl/fbAQLP

exports[`Dashboard component test Dashboard component should match snapshot 1`] = `
<div
  aria-label="Main tv shows listing container"
  className="dashboard container"
>
  <main
    className="parent-container"
    data-testid="dashboard-parent-container"
  >
    <section
      aria-label="Section to display error or empty data messages"
      className="error-empty-container"
    >
      <h1
        aria-label="No tv shows available"
        data-testid="dashboard-no-data"
      >
        No Data Available
      </h1>
    </section>
    <section
      aria-label="TV shows listing by genres"
    />
  </main>
</div>
`;
